209.43951023931953
209.43854061195736
263.10838473814516
1675.5160819145563
